# Create graph

created graph graph

added node A to graph
added node B to graph
added node C to graph
added node D to graph

added edge 10.000 from A to B in graph
added edge 10.000 from A to C in graph
added edge 5.000 from A to C in graph
added edge 1.000 from A to D in graph

# Print children

the children of A in graph are: B(10.000) C(5.000) C(10.000) D(1.000)
