# Create graph

created graph graph

added node A to graph
added node B to graph
added node C to graph
added node D to graph

added edge 1.000 from A to B in graph
added edge 1.000 from A to C in graph

# Should not be a path between A and D

path from A to D:
no path found
