# Create graph

created graph graph

added node A to graph
added node B to graph
added node C to graph
added node D to graph

added edge 10.000 from A to B in graph
added edge 10.000 from A to C in graph
added edge 1.000 from A to D in graph

# Should be path from A to D with cost 1.000

path from A to D:
A to D with weight 1.000
total cost: 1.000
