# Create graph

created graph graph

added node A to graph

added edge 10.000 from A to A in graph

# Should be path from A to A with cost 0.000 despite edge being added

path from A to A:
total cost: 0.000

